[backblue.gif]
[fade.gif]
[index.html]
[zygorguides.com/favicon.ico]
[feeds.feedburner.com/zygorguideshtml.html]
[www.wowhead.com/widgets/power.6.delayed]
[www.wowwiki.com/Food.html]
[zygorguides.com/freebies/fooddrinkstats.html]
[zygorguides.com/css/peach.css]
[zygorguides.com/js/flashembed.js]
[zygorguides.com/js/dropdown.js]
[static.wowhead.com/widgets/power.js]
[www.zygorguides.com/index.html]
[zygorguides.com/news/index.html]
[zygorguides.com/about/index.html]
[zygorguides.com/guides/index.html]
[zygorguides.com/freetrial/index.html]
[zygorguides.com/amember/member.html]
[zygorguides.com/forum/index.html]
[zygorguides.com/faq/index.html]
[zygorguides.com/contact/index.html]
[zygorguides.com/img/bread.png]
[www.wowwiki.com/Food.html]
[zygorguides.com/img/fish.png]
[zygorguides.com/img/fungi.png]
[zygorguides.com/img/meat.png]
[zygorguides.com/img/cheese.png]
[zygorguides.com/img/fruit.png]
[zygorguides.com/img/drink.png]
[zygorguides.com/img/tocdk.gif]
[zygorguides.com/img/tocpriest.gif]
[zygorguides.com/img/tocdruid.gif]
[zygorguides.com/img/tocrogue.gif]
[zygorguides.com/img/tochunt.gif]
[zygorguides.com/img/tocsham.gif]
[zygorguides.com/img/tocmage.gif]
[zygorguides.com/img/tocwar.gif]
[zygorguides.com/img/tocpala.gif]
[zygorguides.com/img/tocwarrior.gif]
[www.wowhead.com/indexf10e.html]
[www.wowhead.com/indexf10e.html]
[www.wowhead.com/index47a8.html]
[www.wowhead.com/index47a8.html]
[www.wowhead.com/index2f0f.html]
[www.wowhead.com/index2f0f.html]
[www.wowhead.com/index97ff.html]
[www.wowhead.com/index97ff.html]
[www.wowhead.com/index12e1.html]
[www.wowhead.com/index12e1.html]
[www.wowhead.com/indexd266.html]
[www.wowhead.com/indexd266.html]
[www.wowhead.com/index06c9.html]
[www.wowhead.com/index06c9.html]
[www.wowhead.com/index01cb.html]
[www.wowhead.com/index01cb.html]
[www.wowhead.com/index5e9c.html]
[www.wowhead.com/index5e9c.html]
[www.wowhead.com/index9064.html]
[www.wowhead.com/index9064.html]
[www.wowhead.com/index1b21.html]
[www.wowhead.com/index1b21.html]
[www.wowhead.com/index4aba.html]
[www.wowhead.com/index4aba.html]
[www.wowhead.com/index03a1.html]
[www.wowhead.com/index03a1.html]
[www.wowhead.com/index3763.html]
[www.wowhead.com/index3763.html]
[www.wowhead.com/indexce41.html]
[www.wowhead.com/indexce41.html]
[www.wowhead.com/indexaece.html]
[www.wowhead.com/indexaece.html]
[www.wowhead.com/indexaca0.html]
[www.wowhead.com/indexaca0.html]
[www.wowhead.com/index8bfe.html]
[www.wowhead.com/index8bfe.html]
[www.wowhead.com/index3183.html]
[www.wowhead.com/index3183.html]
[www.wowhead.com/index9688.html]
[www.wowhead.com/index9688.html]
[www.wowhead.com/index41c0.html]
[www.wowhead.com/index41c0.html]
[www.wowhead.com/index450e.html]
[www.wowhead.com/index450e.html]
[www.wowhead.com/index3d3f.html]
[www.wowhead.com/index3d3f.html]
[www.wowhead.com/index7413.html]
[www.wowhead.com/index7413.html]
[www.wowhead.com/indexc3ff.html]
[www.wowhead.com/indexc3ff.html]
[www.wowhead.com/index5761.html]
[www.wowhead.com/index5761.html]
[www.wowhead.com/indexf6b0.html]
[www.wowhead.com/indexf6b0.html]
[www.wowhead.com/index3f8a.html]
[www.wowhead.com/index3f8a.html]
[www.wowhead.com/index8e2c.html]
[www.wowhead.com/index8e2c.html]
[www.wowhead.com/indexcede.html]
[www.wowhead.com/indexcede.html]
[www.wowhead.com/index22d4.html]
[www.wowhead.com/index22d4.html]
[www.wowhead.com/index735c.html]
[www.wowhead.com/index735c.html]
[www.wowhead.com/index8f0c.html]
[www.wowhead.com/index8f0c.html]
[www.wowhead.com/index07cb.html]
[www.wowhead.com/index07cb.html]
[www.wowhead.com/index1680.html]
[www.wowhead.com/index1680.html]
[www.wowhead.com/index2b24.html]
[www.wowhead.com/index2b24.html]
[www.wowhead.com/indexf7a5.html]
[www.wowhead.com/indexf7a5.html]
[www.wowhead.com/indexb8ed.html]
[www.wowhead.com/indexb8ed.html]
[www.wowhead.com/index5427.html]
[www.wowhead.com/index5427.html]
[www.wowhead.com/index6212.html]
[www.wowhead.com/index6212.html]
[www.wowhead.com/index7b86.html]
[www.wowhead.com/index7b86.html]
[www.wowhead.com/index4915.html]
[www.wowhead.com/index4915.html]
[www.wowhead.com/indexca7d.html]
[www.wowhead.com/indexca7d.html]
[www.wowhead.com/index273b.html]
[www.wowhead.com/index273b.html]
[www.wowhead.com/indexb7c0.html]
[www.wowhead.com/indexb7c0.html]
[www.wowhead.com/index0534.html]
[www.wowhead.com/index0534.html]
[www.wowhead.com/index234b.html]
[www.wowhead.com/index234b.html]
[www.wowhead.com/indexd8d2.html]
[www.wowhead.com/indexd8d2.html]
[www.wowhead.com/index7d2a.html]
[www.wowhead.com/index7d2a.html]
[www.wowhead.com/index7b78.html]
[www.wowhead.com/index7b78.html]
[www.wowhead.com/indexacb5.html]
[www.wowhead.com/indexacb5.html]
[www.wowhead.com/index8bf5.html]
[www.wowhead.com/index8bf5.html]
[www.wowhead.com/index9c54.html]
[www.wowhead.com/index9c54.html]
[www.wowhead.com/index0a1d.html]
[www.wowhead.com/index0a1d.html]
[www.wowhead.com/index3818.html]
[www.wowhead.com/index3818.html]
[www.wowhead.com/index8de9.html]
[www.wowhead.com/index8de9.html]
[www.wowhead.com/index2dcd.html]
[www.wowhead.com/index2dcd.html]
[www.wowhead.com/indexe545.html]
[www.wowhead.com/indexe545.html]
[www.wowhead.com/index427f.html]
[www.wowhead.com/index427f.html]
[www.wowhead.com/indexc698.html]
[www.wowhead.com/indexc698.html]
[www.wowhead.com/indexd890.html]
[www.wowhead.com/indexd890.html]
[www.wowhead.com/index5668.html]
[www.wowhead.com/index5668.html]
[www.wowhead.com/indexed5d.html]
[www.wowhead.com/indexed5d.html]
[www.wowhead.com/index203f.html]
[www.wowhead.com/index203f.html]
[www.wowhead.com/index8cda.html]
[www.wowhead.com/index8cda.html]
[www.wowhead.com/index48b3.html]
[www.wowhead.com/index48b3.html]
[www.wowhead.com/indexb857.html]
[www.wowhead.com/indexb857.html]
[www.wowhead.com/indexf45f.html]
[www.wowhead.com/indexf45f.html]
[www.wowhead.com/indexfc43.html]
[www.wowhead.com/indexfc43.html]
[www.wowhead.com/index7b2f.html]
[www.wowhead.com/index7b2f.html]
[www.wowhead.com/indexe368.html]
[www.wowhead.com/indexe368.html]
[www.wowhead.com/index1306.html]
[www.wowhead.com/index1306.html]
[www.wowhead.com/indexa9ce.html]
[www.wowhead.com/indexa9ce.html]
[www.wowhead.com/index8e61.html]
[www.wowhead.com/index8e61.html]
[www.wowhead.com/index5641.html]
[www.wowhead.com/index5641.html]
[www.wowhead.com/indexa5b8.html]
[www.wowhead.com/indexa5b8.html]
[www.wowhead.com/indexfba0.html]
[www.wowhead.com/indexfba0.html]
[www.wowhead.com/index77a9.html]
[www.wowhead.com/index77a9.html]
[www.wowhead.com/index97e0.html]
[www.wowhead.com/index97e0.html]
[www.wowhead.com/index73c7.html]
[www.wowhead.com/index73c7.html]
[www.wowhead.com/index078b.html]
[www.wowhead.com/index078b.html]
[www.wowhead.com/index6c52.html]
[www.wowhead.com/index6c52.html]
[www.wowhead.com/index443d.html]
[www.wowhead.com/index443d.html]
[www.wowhead.com/indexed0d.html]
[www.wowhead.com/indexed0d.html]
[www.wowhead.com/index2eb9.html]
[www.wowhead.com/index2eb9.html]
[www.wowhead.com/indexfa3d.html]
[www.wowhead.com/indexfa3d.html]
[www.wowhead.com/index26f3.html]
[www.wowhead.com/index26f3.html]
[www.wowhead.com/indexa378.html]
[www.wowhead.com/indexa378.html]
[www.wowhead.com/index9923.html]
[www.wowhead.com/index9923.html]
[www.wowhead.com/indexf123.html]
[www.wowhead.com/indexf123.html]
[www.wowhead.com/index9045.html]
[www.wowhead.com/index9045.html]
[www.wowhead.com/indexbd55.html]
[www.wowhead.com/indexbd55.html]
[www.wowhead.com/index60e4.html]
[www.wowhead.com/index60e4.html]
[www.wowhead.com/index522c.html]
[www.wowhead.com/index522c.html]
[www.wowhead.com/index7f17.html]
[www.wowhead.com/index7f17.html]
[www.wowhead.com/index2c92.html]
[www.wowhead.com/index2c92.html]
[www.wowhead.com/indexaae9.html]
[www.wowhead.com/indexaae9.html]
[www.wowhead.com/index1bf6.html]
[www.wowhead.com/index1bf6.html]
[www.wowhead.com/index2532.html]
[www.wowhead.com/index2532.html]
[www.wowhead.com/index63a9.html]
[www.wowhead.com/index63a9.html]
[www.wowhead.com/index5b19.html]
[www.wowhead.com/index5b19.html]
[www.wowhead.com/index217b.html]
[www.wowhead.com/index217b.html]
[zygorguides.com/freebies/Charred Bear Kabobs.html]
[zygorguides.com/freebies/Oronok's Tuber of Spell Power.html]
[zygorguides.com/freebies/Tender Shoveltusk Steak.html]
[www.wowhead.com/index107d.html]
[www.wowhead.com/index107d.html]
[www.wowhead.com/index677b.html]
[www.wowhead.com/index677b.html]
[www.wowhead.com/index5307.html]
[www.wowhead.com/index5307.html]
[www.wowhead.com/index3a25.html]
[www.wowhead.com/index3a25.html]
