[backblue.gif]
[fade.gif]
[index.html]
[zygorguides.com/js/flashembed.js]
[zygorguides.com/js/dropdown.js]
[www.wowhead.com/widgets/power.4.delayed]
[static.wowhead.com/widgets/power.js]
[zygorguides.com/img/bread.png]
[zygorguides.com/img/fish.png]
[zygorguides.com/img/fungi.png]
[zygorguides.com/img/meat.png]
[zygorguides.com/img/cheese.png]
[zygorguides.com/img/fruit.png]
[zygorguides.com/img/drink.png]
[zygorguides.com/img/tocdk.gif]
[zygorguides.com/img/tocpriest.gif]
[zygorguides.com/img/tocdruid.gif]
[zygorguides.com/img/tocrogue.gif]
[zygorguides.com/img/tochunt.gif]
[zygorguides.com/img/tocsham.gif]
[zygorguides.com/img/tocmage.gif]
[zygorguides.com/img/tocwar.gif]
[zygorguides.com/img/tocpala.gif]
[zygorguides.com/img/tocwarrior.gif]
[zygorguides.com/freebies/fooddrinkstats.html]
[zygorguides.com/img/back.gif]
[www.zygorguides.com/img/portal.png]
[zygorguides.com/img/relaunchbanner.jpg]
[zygorguides.com/img/nav.png]
[www.zygorguides.com/img/rss-feed.jpg]
[zygorguides.com/js/graphics/loader.white.gif]
[zygorguides.com/js/graphics/fullexpand.gif]
[www.zygorguides.com/img/button-download.png]
[www.zygorguides.com/img/wotlktimer.png]
[zygorguides.com/img/frostbullet.png]
[zygorguides.com/img/bloodx.png]
[zygorguides.com/img/frostx.png]
[zygorguides.com/img/unholyx.png]
[www.zygorguides.com/img/scroll.png]
[zygorguides.com/img/scrollbullet.png]
[zygorguides.com/img/enchantbullet.png]
[zygorguides.com/img/glyphbullet.png]
[zygorguides.com/img/tarotbullet.png]
[zygorguides.com/img/inkbullet.png]
[zygorguides.com/img/button-download.gif]
[zygorguides.com/css/peach.css]
[zygorguides.com/freebies/Charred Bear Kabobs.html]
[zygorguides.com/freebies/Oronok's Tuber of Spell Power.html]
[zygorguides.com/freebies/Tender Shoveltusk Steak.html]
