[backblue.gif]
[fade.gif]
[index.html]
[www.zygorguides.com/js/flashembed.js]
[www.zygorguides.com/js/dropdown.js]
[www.zygorguides.com/img/deathknight.jpg]
[www.zygorguides.com/img/finisher.png]
[www.zygorguides.com/img/frost.png]
[www.zygorguides.com/img/unholy.png]
[www.zygorguides.com/img/blood.png]
[www.zygorguides.com/img/deathknightbuild.png]
[www.zygorguides.com/img/deathknightglyphs.png]
[www.zygorguides.com/members/dkplayers.html]
[www.zygorguides.com/img/back.gif]
[www.zygorguides.com/img/portal.png]
[www.zygorguides.com/img/relaunchbanner.jpg]
[www.zygorguides.com/img/nav.png]
[www.zygorguides.com/img/rss-feed.jpg]
[www.zygorguides.com/js/graphics/loader.white.gif]
[www.zygorguides.com/js/graphics/fullexpand.gif]
[www.zygorguides.com/img/button-download.png]
[www.zygorguides.com/img/wotlktimer.png]
[www.zygorguides.com/img/frostbullet.png]
[www.zygorguides.com/img/bloodx.png]
[www.zygorguides.com/img/frostx.png]
[www.zygorguides.com/img/unholyx.png]
[www.zygorguides.com/img/scroll.png]
[www.zygorguides.com/img/scrollbullet.png]
[www.zygorguides.com/img/enchantbullet.png]
[www.zygorguides.com/img/glyphbullet.png]
[www.zygorguides.com/img/tarotbullet.png]
[www.zygorguides.com/img/inkbullet.png]
[www.zygorguides.com/img/button-download.gif]
[www.zygorguides.com/css/peach.css]
[www.zygorguides.com/members/index.html]
